Job ID: 57169427
Cluster: grace
User/Group: jm3277/basu
Cores: 20
Average CPU Utilized: 01:22:43.43
CPU Efficiency: 32.44% of 04:15:00.94 core-walltime
Job Wall-clock time: 04:15:00.94
Average Memory Utilized: 5.76GB
Memory Efficiency: 5.76% of 100.0GB

Job States
TIMEOUT: 252
COMPLETED: 463
RUNNING: 65
PENDING: 162

=============================== Max Memory Usage ===============================
# NumSamples = 715; Min = 2.1MB; Max = 7.1GB
# Mean = 5.76GB; SD = 2.17GB; Median 6.52GB
# each ∎ represents a count of 12
   1.89MB -     2.1MB [   3]: 
    2.1MB -     1.0GB [  98]: ∎∎∎∎∎∎∎∎
    1.0GB -     2.0GB [   0]: 
    2.0GB -     3.0GB [   0]: 
    3.0GB -     4.0GB [   0]: 
    4.0GB -     5.0GB [   0]: 
    5.0GB -     6.0GB [   8]: 
    6.0GB -     7.0GB [ 594]: ∎∎∎∎∎∎∎∎∎∎∎∎∎∎∎∎∎∎∎∎∎∎∎∎∎∎∎∎∎∎∎∎∎∎∎∎∎∎∎∎∎∎∎∎∎∎∎∎∎
    7.0GB -     7.1GB [  12]: ∎
********************************************************************************
The requested memory was 100.0GB.
The average memory usage was 5.76GB.
Requesting less memory would allow jobs to run more quickly.
********************************************************************************

================================= Elapsed Time =================================
# NumSamples = 715; Min = 00:01; Max = 08:00:33
# Mean = 04:15:01; SD = 03:35:18; Median 04:52:15
# each ∎ represents a count of 8
         00:01 -          00:01 [   1]: 
         00:01 -          48:04 [ 292]: ∎∎∎∎∎∎∎∎∎∎∎∎∎∎∎∎∎∎∎∎∎∎∎∎∎∎∎∎∎∎∎∎∎∎∎∎
         48:04 -       01:36:07 [  15]: ∎
      01:36:07 -       02:24:11 [   6]: 
      02:24:11 -       03:12:14 [   7]: 
      03:12:14 -       04:00:17 [  14]: ∎
      04:00:17 -       04:48:20 [  18]: ∎∎
      04:48:20 -       05:36:23 [  15]: ∎
      05:36:23 -       06:24:27 [   9]: ∎
      06:24:27 -       07:12:30 [  33]: ∎∎∎∎
      07:12:30 -       08:00:33 [ 305]: ∎∎∎∎∎∎∎∎∎∎∎∎∎∎∎∎∎∎∎∎∎∎∎∎∎∎∎∎∎∎∎∎∎∎∎∎∎∎
The requested runtime was 08:00:00.

=============================== CPU Utilization ===============================
# NumSamples = 715; Min = 0.00%; Max = 99.13%
# Mean = 54.21%; SD = 42.68%; Median 77.26%
# each ∎ represents a count of 5
  0.00% -   9.92% [ 268]: ∎∎∎∎∎∎∎∎∎∎∎∎∎∎∎∎∎∎∎∎∎∎∎∎∎∎∎∎∎∎∎∎∎∎∎∎∎∎∎∎∎∎∎∎∎∎∎∎∎∎∎∎∎
  9.92% -  19.83% [   0]: 
 19.83% -  29.74% [   0]: 
 29.74% -  39.65% [   0]: 
 39.65% -  49.57% [   0]: 
 49.57% -  59.48% [   0]: 
 59.48% -  69.39% [   5]: ∎
 69.39% -  79.31% [ 140]: ∎∎∎∎∎∎∎∎∎∎∎∎∎∎∎∎∎∎∎∎∎∎∎∎∎∎∎∎
 79.31% -  89.22% [ 114]: ∎∎∎∎∎∎∎∎∎∎∎∎∎∎∎∎∎∎∎∎��∎
 89.22% -  99.13% [ 187]: ∎∎∎∎∎∎∎∎∎∎∎∎∎∎∎∎∎∎∎∎∎∎∎∎∎∎∎∎∎∎∎∎∎∎∎∎∎
The requested number of CPUs is 20.
