Error: sacct failed to respond, please try again later.

