No info to show for job 57339555
Current status for job: CANCELLED by 14996
