No info to show for job 57340046
Current status for job: RUNNING
